Archive member included because of file (symbol)

c:/program files/gnu tools arm embedded/4.7 2013q1/bin/../lib/gcc/arm-none-eabi/4.7.3/../../../../arm-none-eabi/lib/armv7-m\libg.a(lib_a-atoi.o)
                              ..\obj\web_if.o (atoi)
c:/program files/gnu tools arm embedded/4.7 2013q1/bin/../lib/gcc/arm-none-eabi/4.7.3/../../../../arm-none-eabi/lib/armv7-m\libg.a(lib_a-memcmp.o)
                              ..\obj\web_if.o (memcmp)
c:/program files/gnu tools arm embedded/4.7 2013q1/bin/../lib/gcc/arm-none-eabi/4.7.3/../../../../arm-none-eabi/lib/armv7-m\libg.a(lib_a-memcpy.o)
                              ..\obj\main.o (memcpy)
c:/program files/gnu tools arm embedded/4.7 2013q1/bin/../lib/gcc/arm-none-eabi/4.7.3/../../../../arm-none-eabi/lib/armv7-m\libg.a(lib_a-memset.o)
                              ..\obj\main.o (memset)
c:/program files/gnu tools arm embedded/4.7 2013q1/bin/../lib/gcc/arm-none-eabi/4.7.3/../../../../arm-none-eabi/lib/armv7-m\libg.a(lib_a-strchr.o)
                              ..\obj\web_if.o (strchr)
c:/program files/gnu tools arm embedded/4.7 2013q1/bin/../lib/gcc/arm-none-eabi/4.7.3/../../../../arm-none-eabi/lib/armv7-m\libg.a(lib_a-strcmp.o)
                              ..\obj\web_if.o (strcmp)
c:/program files/gnu tools arm embedded/4.7 2013q1/bin/../lib/gcc/arm-none-eabi/4.7.3/../../../../arm-none-eabi/lib/armv7-m\libg.a(lib_a-strtol.o)
                              c:/program files/gnu tools arm embedded/4.7 2013q1/bin/../lib/gcc/arm-none-eabi/4.7.3/../../../../arm-none-eabi/lib/armv7-m\libg.a(lib_a-atoi.o) (_strtol_r)
c:/program files/gnu tools arm embedded/4.7 2013q1/bin/../lib/gcc/arm-none-eabi/4.7.3/../../../../arm-none-eabi/lib/armv7-m\libg.a(lib_a-ctype_.o)
                              c:/program files/gnu tools arm embedded/4.7 2013q1/bin/../lib/gcc/arm-none-eabi/4.7.3/../../../../arm-none-eabi/lib/armv7-m\libg.a(lib_a-strtol.o) (__ctype_ptr__)

Allocating common symbols
Common symbol       size              file

ms_count            0x2               ..\obj\counter.o
second_count        0x4               ..\obj\counter.o
net_buf             0x200             ..\obj\lan.o
tick_count          0x4               ..\obj\counter.o
led_brightness      0x1               ..\obj\web_if.o
tcp_pool            0x16              ..\obj\lan.o
String              0x14              ..\obj\web_if.o
tcp_use_resend      0x1               ..\obj\lan.o

Discarded input sections

 .text          0x00000000        0x0 ..\obj\enc28j60.o
 .data          0x00000000        0x0 ..\obj\enc28j60.o
 .text.enc28j60_rcr16
                0x00000000       0x50 ..\obj\enc28j60.o
 .text.enc28j60_read_phy
                0x00000000       0x58 ..\obj\enc28j60.o
 .text          0x00000000        0x0 ..\obj\delay.o
 .data          0x00000000        0x0 ..\obj\delay.o
 .bss           0x00000000        0x0 ..\obj\delay.o
 .text          0x00000000        0x0 ..\obj\stm32f10x_tim.o
 .data          0x00000000        0x0 ..\obj\stm32f10x_tim.o
 .bss           0x00000000        0x0 ..\obj\stm32f10x_tim.o
 .text.TIM_OC1Init
                0x00000000      0x128 ..\obj\stm32f10x_tim.o
 .text.TIM_OC2Init
                0x00000000      0x128 ..\obj\stm32f10x_tim.o
 .text.TIM_OC3Init
                0x00000000      0x120 ..\obj\stm32f10x_tim.o
 .text.TIM_OC4Init
                0x00000000       0xe0 ..\obj\stm32f10x_tim.o
 .text.TIM_ICInit
                0x00000000       0xa8 ..\obj\stm32f10x_tim.o
 .text.TIM_PWMIConfig
                0x00000000       0xc4 ..\obj\stm32f10x_tim.o
 .text.TIM_BDTRConfig
                0x00000000       0x50 ..\obj\stm32f10x_tim.o
 .text.TIM_TimeBaseStructInit
                0x00000000       0x3c ..\obj\stm32f10x_tim.o
 .text.TIM_OCStructInit
                0x00000000       0x54 ..\obj\stm32f10x_tim.o
 .text.TIM_ICStructInit
                0x00000000       0x3c ..\obj\stm32f10x_tim.o
 .text.TIM_BDTRStructInit
                0x00000000       0x4c ..\obj\stm32f10x_tim.o
 .text.TIM_CtrlPWMOutputs
                0x00000000       0x50 ..\obj\stm32f10x_tim.o
 .text.TIM_GenerateEvent
                0x00000000       0x1c ..\obj\stm32f10x_tim.o
 .text.TIM_DMAConfig
                0x00000000       0x28 ..\obj\stm32f10x_tim.o
 .text.TIM_DMACmd
                0x00000000       0x48 ..\obj\stm32f10x_tim.o
 .text.TIM_InternalClockConfig
                0x00000000       0x24 ..\obj\stm32f10x_tim.o
 .text.TIM_ITRxExternalClockConfig
                0x00000000       0x30 ..\obj\stm32f10x_tim.o
 .text.TIM_TIxExternalClockConfig
                0x00000000       0x58 ..\obj\stm32f10x_tim.o
 .text.TIM_ETRClockMode1Config
                0x00000000       0x54 ..\obj\stm32f10x_tim.o
 .text.TIM_ETRClockMode2Config
                0x00000000       0x34 ..\obj\stm32f10x_tim.o
 .text.TIM_ETRConfig
                0x00000000       0x4c ..\obj\stm32f10x_tim.o
 .text.TIM_PrescalerConfig
                0x00000000       0x28 ..\obj\stm32f10x_tim.o
 .text.TIM_CounterModeConfig
                0x00000000       0x38 ..\obj\stm32f10x_tim.o
 .text.TIM_SelectInputTrigger
                0x00000000       0x38 ..\obj\stm32f10x_tim.o
 .text.TIM_EncoderInterfaceConfig
                0x00000000       0x94 ..\obj\stm32f10x_tim.o
 .text.TIM_ForcedOC1Config
                0x00000000       0x38 ..\obj\stm32f10x_tim.o
 .text.TIM_ForcedOC2Config
                0x00000000       0x40 ..\obj\stm32f10x_tim.o
 .text.TIM_ForcedOC3Config
                0x00000000       0x38 ..\obj\stm32f10x_tim.o
 .text.TIM_ForcedOC4Config
                0x00000000       0x40 ..\obj\stm32f10x_tim.o
 .text.TIM_ARRPreloadConfig
                0x00000000       0x40 ..\obj\stm32f10x_tim.o
 .text.TIM_SelectCOM
                0x00000000       0x40 ..\obj\stm32f10x_tim.o
 .text.TIM_SelectCCDMA
                0x00000000       0x40 ..\obj\stm32f10x_tim.o
 .text.TIM_CCPreloadControl
                0x00000000       0x40 ..\obj\stm32f10x_tim.o
 .text.TIM_OC1PreloadConfig
                0x00000000       0x38 ..\obj\stm32f10x_tim.o
 .text.TIM_OC2PreloadConfig
                0x00000000       0x40 ..\obj\stm32f10x_tim.o
 .text.TIM_OC3PreloadConfig
                0x00000000       0x38 ..\obj\stm32f10x_tim.o
 .text.TIM_OC4PreloadConfig
                0x00000000       0x40 ..\obj\stm32f10x_tim.o
 .text.TIM_OC1FastConfig
                0x00000000       0x38 ..\obj\stm32f10x_tim.o
 .text.TIM_OC2FastConfig
                0x00000000       0x40 ..\obj\stm32f10x_tim.o
 .text.TIM_OC3FastConfig
                0x00000000       0x38 ..\obj\stm32f10x_tim.o
 .text.TIM_OC4FastConfig
                0x00000000       0x40 ..\obj\stm32f10x_tim.o
 .text.TIM_ClearOC1Ref
                0x00000000       0x38 ..\obj\stm32f10x_tim.o
 .text.TIM_ClearOC2Ref
                0x00000000       0x44 ..\obj\stm32f10x_tim.o
 .text.TIM_ClearOC3Ref
                0x00000000       0x38 ..\obj\stm32f10x_tim.o
 .text.TIM_ClearOC4Ref
                0x00000000       0x44 ..\obj\stm32f10x_tim.o
 .text.TIM_OC1PolarityConfig
                0x00000000       0x38 ..\obj\stm32f10x_tim.o
 .text.TIM_OC1NPolarityConfig
                0x00000000       0x38 ..\obj\stm32f10x_tim.o
 .text.TIM_OC2PolarityConfig
                0x00000000       0x40 ..\obj\stm32f10x_tim.o
 .text.TIM_OC2NPolarityConfig
                0x00000000       0x40 ..\obj\stm32f10x_tim.o
 .text.TIM_OC3PolarityConfig
                0x00000000       0x40 ..\obj\stm32f10x_tim.o
 .text.TIM_OC3NPolarityConfig
                0x00000000       0x40 ..\obj\stm32f10x_tim.o
 .text.TIM_OC4PolarityConfig
                0x00000000       0x40 ..\obj\stm32f10x_tim.o
 .text.TIM_CCxCmd
                0x00000000       0x5c ..\obj\stm32f10x_tim.o
 .text.TIM_CCxNCmd
                0x00000000       0x5c ..\obj\stm32f10x_tim.o
 .text.TIM_SelectOCxM
                0x00000000       0xbc ..\obj\stm32f10x_tim.o
 .text.TIM_UpdateDisableConfig
                0x00000000       0x40 ..\obj\stm32f10x_tim.o
 .text.TIM_UpdateRequestConfig
                0x00000000       0x40 ..\obj\stm32f10x_tim.o
 .text.TIM_SelectHallSensor
                0x00000000       0x40 ..\obj\stm32f10x_tim.o
 .text.TIM_SelectOnePulseMode
                0x00000000       0x38 ..\obj\stm32f10x_tim.o
 .text.TIM_SelectOutputTrigger
                0x00000000       0x38 ..\obj\stm32f10x_tim.o
 .text.TIM_SelectSlaveMode
                0x00000000       0x38 ..\obj\stm32f10x_tim.o
 .text.TIM_SelectMasterSlaveMode
                0x00000000       0x38 ..\obj\stm32f10x_tim.o
 .text.TIM_SetCounter
                0x00000000       0x1c ..\obj\stm32f10x_tim.o
 .text.TIM_SetAutoreload
                0x00000000       0x1c ..\obj\stm32f10x_tim.o
 .text.TIM_SetCompare1
                0x00000000       0x1c ..\obj\stm32f10x_tim.o
 .text.TIM_SetCompare2
                0x00000000       0x1c ..\obj\stm32f10x_tim.o
 .text.TIM_SetCompare3
                0x00000000       0x1c ..\obj\stm32f10x_tim.o
 .text.TIM_SetCompare4
                0x00000000       0x20 ..\obj\stm32f10x_tim.o
 .text.TIM_SetIC1Prescaler
                0x00000000       0x38 ..\obj\stm32f10x_tim.o
 .text.TIM_SetIC2Prescaler
                0x00000000       0x3c ..\obj\stm32f10x_tim.o
 .text.TIM_SetIC3Prescaler
                0x00000000       0x38 ..\obj\stm32f10x_tim.o
 .text.TIM_SetIC4Prescaler
                0x00000000       0x3c ..\obj\stm32f10x_tim.o
 .text.TIM_SetClockDivision
                0x00000000       0x38 ..\obj\stm32f10x_tim.o
 .text.TIM_GetCapture1
                0x00000000       0x1c ..\obj\stm32f10x_tim.o
 .text.TIM_GetCapture2
                0x00000000       0x1c ..\obj\stm32f10x_tim.o
 .text.TIM_GetCapture3
                0x00000000       0x1c ..\obj\stm32f10x_tim.o
 .text.TIM_GetCapture4
                0x00000000       0x1c ..\obj\stm32f10x_tim.o
 .text.TIM_GetCounter
                0x00000000       0x1c ..\obj\stm32f10x_tim.o
 .text.TIM_GetPrescaler
                0x00000000       0x1c ..\obj\stm32f10x_tim.o
 .text.TIM_GetFlagStatus
                0x00000000       0x40 ..\obj\stm32f10x_tim.o
 .text.TIM_ClearFlag
                0x00000000       0x24 ..\obj\stm32f10x_tim.o
 .text.TIM_GetITStatus
                0x00000000       0x60 ..\obj\stm32f10x_tim.o
 .text.TI1_Config
                0x00000000       0xe4 ..\obj\stm32f10x_tim.o
 .text.TI2_Config
                0x00000000      0x104 ..\obj\stm32f10x_tim.o
 .text.TI3_Config
                0x00000000       0xf4 ..\obj\stm32f10x_tim.o
 .text.TI4_Config
                0x00000000      0x10c ..\obj\stm32f10x_tim.o
 .text          0x00000000        0x0 ..\obj\startup_stm32f10x_md_vl.o
 .data          0x00000000        0x0 ..\obj\startup_stm32f10x_md_vl.o
 .bss           0x00000000        0x0 ..\obj\startup_stm32f10x_md_vl.o
 .text          0x00000000        0x0 ..\obj\core_cm3.o
 .data          0x00000000        0x0 ..\obj\core_cm3.o
 .bss           0x00000000        0x0 ..\obj\core_cm3.o
 .text.__get_PSP
                0x00000000       0x10 ..\obj\core_cm3.o
 .text.__set_PSP
                0x00000000        0x8 ..\obj\core_cm3.o
 .text.__get_MSP
                0x00000000       0x10 ..\obj\core_cm3.o
 .text.__set_MSP
                0x00000000        0x8 ..\obj\core_cm3.o
 .text.__get_BASEPRI
                0x00000000       0x20 ..\obj\core_cm3.o
 .text.__set_BASEPRI
                0x00000000       0x18 ..\obj\core_cm3.o
 .text.__get_PRIMASK
                0x00000000       0x20 ..\obj\core_cm3.o
 .text.__set_PRIMASK
                0x00000000       0x18 ..\obj\core_cm3.o
 .text.__get_FAULTMASK
                0x00000000       0x20 ..\obj\core_cm3.o
 .text.__set_FAULTMASK
                0x00000000       0x18 ..\obj\core_cm3.o
 .text.__get_CONTROL
                0x00000000       0x20 ..\obj\core_cm3.o
 .text.__set_CONTROL
                0x00000000       0x18 ..\obj\core_cm3.o
 .text.__REV    0x00000000       0x24 ..\obj\core_cm3.o
 .text.__REV16  0x00000000       0x24 ..\obj\core_cm3.o
 .text.__REVSH  0x00000000       0x24 ..\obj\core_cm3.o
 .text.__RBIT   0x00000000       0x24 ..\obj\core_cm3.o
 .text.__LDREXB
                0x00000000       0x24 ..\obj\core_cm3.o
 .text.__LDREXH
                0x00000000       0x24 ..\obj\core_cm3.o
 .text.__LDREXW
                0x00000000       0x24 ..\obj\core_cm3.o
 .text.__STREXB
                0x00000000       0x2c ..\obj\core_cm3.o
 .text.__STREXH
                0x00000000       0x2c ..\obj\core_cm3.o
 .text.__STREXW
                0x00000000       0x28 ..\obj\core_cm3.o
 .debug_info    0x00000000      0x55e ..\obj\core_cm3.o
 .debug_abbrev  0x00000000       0xe4 ..\obj\core_cm3.o
 .debug_loc     0x00000000      0x3f0 ..\obj\core_cm3.o
 .debug_aranges
                0x00000000       0xc8 ..\obj\core_cm3.o
 .debug_ranges  0x00000000       0xb8 ..\obj\core_cm3.o
 .debug_line    0x00000000      0x292 ..\obj\core_cm3.o
 .debug_str     0x00000000      0x26e ..\obj\core_cm3.o
 .comment       0x00000000       0x71 ..\obj\core_cm3.o
 .ARM.attributes
                0x00000000       0x33 ..\obj\core_cm3.o
 .debug_frame   0x00000000      0x280 ..\obj\core_cm3.o
 .text          0x00000000        0x0 ..\obj\system_stm32f10x.o
 .data          0x00000000       0x14 ..\obj\system_stm32f10x.o
 .bss           0x00000000        0x0 ..\obj\system_stm32f10x.o
 .text.SystemCoreClockUpdate
                0x00000000      0x13c ..\obj\system_stm32f10x.o
 .text          0x00000000        0x0 ..\obj\counter.o
 .data          0x00000000        0x0 ..\obj\counter.o
 .bss           0x00000000        0x0 ..\obj\counter.o
 .text          0x00000000        0x0 ..\obj\stm32f10x_gpio.o
 .data          0x00000000        0x0 ..\obj\stm32f10x_gpio.o
 .bss           0x00000000        0x0 ..\obj\stm32f10x_gpio.o
 .text.GPIO_DeInit
                0x00000000      0x128 ..\obj\stm32f10x_gpio.o
 .text.GPIO_AFIODeInit
                0x00000000       0x20 ..\obj\stm32f10x_gpio.o
 .text.GPIO_StructInit
                0x00000000       0x2c ..\obj\stm32f10x_gpio.o
 .text.GPIO_ReadInputDataBit
                0x00000000       0x3c ..\obj\stm32f10x_gpio.o
 .text.GPIO_ReadInputData
                0x00000000       0x1c ..\obj\stm32f10x_gpio.o
 .text.GPIO_ReadOutputDataBit
                0x00000000       0x3c ..\obj\stm32f10x_gpio.o
 .text.GPIO_ReadOutputData
                0x00000000       0x1c ..\obj\stm32f10x_gpio.o
 .text.GPIO_WriteBit
                0x00000000       0x30 ..\obj\stm32f10x_gpio.o
 .text.GPIO_Write
                0x00000000       0x1c ..\obj\stm32f10x_gpio.o
 .text.GPIO_PinLockConfig
                0x00000000       0x44 ..\obj\stm32f10x_gpio.o
 .text.GPIO_EventOutputConfig
                0x00000000       0x54 ..\obj\stm32f10x_gpio.o
 .text.GPIO_EventOutputCmd
                0x00000000       0x20 ..\obj\stm32f10x_gpio.o
 .text.GPIO_PinRemapConfig
                0x00000000      0x120 ..\obj\stm32f10x_gpio.o
 .text.GPIO_EXTILineConfig
                0x00000000       0xb0 ..\obj\stm32f10x_gpio.o
 .text.GPIO_ETH_MediaInterfaceConfig
                0x00000000       0x20 ..\obj\stm32f10x_gpio.o
 .text          0x00000000        0x0 ..\obj\main.o
 .data          0x00000000        0x0 ..\obj\main.o
 .bss           0x00000000        0x0 ..\obj\main.o
 .text          0x00000000        0x0 ..\obj\printf.o
 .bss           0x00000000        0x0 ..\obj\printf.o
 .text.PrintChar
                0x00000000       0x14 ..\obj\printf.o
 .text.snprintf
                0x00000000       0x34 ..\obj\printf.o
 .rodata        0x00000000       0x24 ..\obj\printf.o
 .text.vfprintf
                0x00000000       0x6c ..\obj\printf.o
 .text.vprintf  0x00000000       0x2c ..\obj\printf.o
 .text.fprintf  0x00000000       0x30 ..\obj\printf.o
 .text.printf   0x00000000       0x2c ..\obj\printf.o
 .text.puts     0x00000000       0x28 ..\obj\printf.o
 .text.fputc    0x00000000       0x4c ..\obj\printf.o
 .text.fputs    0x00000000       0x50 ..\obj\printf.o
 .text          0x00000000        0x0 ..\obj\stm32f10x_rcc.o
 .data          0x00000000       0x14 ..\obj\stm32f10x_rcc.o
 .bss           0x00000000        0x0 ..\obj\stm32f10x_rcc.o
 .text.RCC_DeInit
                0x00000000       0xa8 ..\obj\stm32f10x_rcc.o
 .text.RCC_HSEConfig
                0x00000000       0x88 ..\obj\stm32f10x_rcc.o
 .text.RCC_WaitForHSEStartUp
                0x00000000       0x64 ..\obj\stm32f10x_rcc.o
 .text.RCC_AdjustHSICalibrationValue
                0x00000000       0x48 ..\obj\stm32f10x_rcc.o
 .text.RCC_HSICmd
                0x00000000       0x20 ..\obj\stm32f10x_rcc.o
 .text.RCC_PLLConfig
                0x00000000       0x48 ..\obj\stm32f10x_rcc.o
 .text.RCC_PLLCmd
                0x00000000       0x20 ..\obj\stm32f10x_rcc.o
 .text.RCC_PREDIV1Config
                0x00000000       0x4c ..\obj\stm32f10x_rcc.o
 .text.RCC_SYSCLKConfig
                0x00000000       0x40 ..\obj\stm32f10x_rcc.o
 .text.RCC_GetSYSCLKSource
                0x00000000       0x20 ..\obj\stm32f10x_rcc.o
 .text.RCC_HCLKConfig
                0x00000000       0x40 ..\obj\stm32f10x_rcc.o
 .text.RCC_PCLK1Config
                0x00000000       0x40 ..\obj\stm32f10x_rcc.o
 .text.RCC_PCLK2Config
                0x00000000       0x44 ..\obj\stm32f10x_rcc.o
 .text.RCC_ITConfig
                0x00000000       0x60 ..\obj\stm32f10x_rcc.o
 .text.RCC_USBCLKConfig
                0x00000000       0x20 ..\obj\stm32f10x_rcc.o
 .text.RCC_ADCCLKConfig
                0x00000000       0x40 ..\obj\stm32f10x_rcc.o
 .text.RCC_LSEConfig
                0x00000000       0x60 ..\obj\stm32f10x_rcc.o
 .text.RCC_LSICmd
                0x00000000       0x20 ..\obj\stm32f10x_rcc.o
 .text.RCC_RTCCLKConfig
                0x00000000       0x2c ..\obj\stm32f10x_rcc.o
 .text.RCC_RTCCLKCmd
                0x00000000       0x20 ..\obj\stm32f10x_rcc.o
 .text.RCC_GetClocksFreq
                0x00000000      0x1cc ..\obj\stm32f10x_rcc.o
 .text.RCC_AHBPeriphClockCmd
                0x00000000       0x54 ..\obj\stm32f10x_rcc.o
 .text.RCC_BackupResetCmd
                0x00000000       0x20 ..\obj\stm32f10x_rcc.o
 .text.RCC_ClockSecuritySystemCmd
                0x00000000       0x20 ..\obj\stm32f10x_rcc.o
 .text.RCC_MCOConfig
                0x00000000       0x20 ..\obj\stm32f10x_rcc.o
 .text.RCC_GetFlagStatus
                0x00000000       0x90 ..\obj\stm32f10x_rcc.o
 .text.RCC_ClearFlag
                0x00000000       0x24 ..\obj\stm32f10x_rcc.o
 .text.RCC_GetITStatus
                0x00000000       0x40 ..\obj\stm32f10x_rcc.o
 .text.RCC_ClearITPendingBit
                0x00000000       0x20 ..\obj\stm32f10x_rcc.o
 .text          0x00000000        0x0 ..\obj\LedsAndButtons.o
 .data          0x00000000        0x0 ..\obj\LedsAndButtons.o
 .bss           0x00000000        0x0 ..\obj\LedsAndButtons.o
 .text          0x00000000        0x0 ..\obj\web_if.o
 .data          0x00000000        0x0 ..\obj\web_if.o
 .bss           0x00000000        0x0 ..\obj\web_if.o
 .text          0x00000000        0x0 ..\obj\syscalls.o
 .data          0x00000000        0x0 ..\obj\syscalls.o
 .bss           0x00000000        0x4 ..\obj\syscalls.o
 .text._sbrk    0x00000000       0x5c ..\obj\syscalls.o
 .text.link     0x00000000       0x1c ..\obj\syscalls.o
 .text._close   0x00000000       0x18 ..\obj\syscalls.o
 .text._fstat   0x00000000       0x24 ..\obj\syscalls.o
 .text._isatty  0x00000000       0x18 ..\obj\syscalls.o
 .text._lseek   0x00000000       0x1c ..\obj\syscalls.o
 .text._read    0x00000000       0x1c ..\obj\syscalls.o
 .text._write   0x00000000       0x1c ..\obj\syscalls.o
 .text.abort    0x00000000        0x8 ..\obj\syscalls.o
 .debug_info    0x00000000      0x443 ..\obj\syscalls.o
 .debug_abbrev  0x00000000       0xe4 ..\obj\syscalls.o
 .debug_loc     0x00000000      0x1ec ..\obj\syscalls.o
 .debug_aranges
                0x00000000       0x60 ..\obj\syscalls.o
 .debug_ranges  0x00000000       0x50 ..\obj\syscalls.o
 .debug_line    0x00000000      0x1a0 ..\obj\syscalls.o
 .debug_str     0x00000000      0x2b4 ..\obj\syscalls.o
 .comment       0x00000000       0x71 ..\obj\syscalls.o
 .ARM.attributes
                0x00000000       0x33 ..\obj\syscalls.o
 .debug_frame   0x00000000      0x108 ..\obj\syscalls.o
 .text          0x00000000        0x0 ..\obj\lan.o
 .text.tcp_open
                0x00000000      0x1c0 ..\obj\lan.o
 .text.udp_send
                0x00000000       0xa4 ..\obj\lan.o
 .text.udp_reply
                0x00000000       0xb4 ..\obj\lan.o
 .text.ip_send  0x00000000      0x154 ..\obj\lan.o
 .text.arp_resolve
                0x00000000       0xf0 ..\obj\lan.o
 .text.eth_send
                0x00000000       0x3c ..\obj\lan.o
 .text.lan_up   0x00000000       0x20 ..\obj\lan.o
 .text          0x00000000        0x0 ..\obj\misc.o
 .data          0x00000000        0x0 ..\obj\misc.o
 .bss           0x00000000        0x0 ..\obj\misc.o
 .text.NVIC_PriorityGroupConfig
                0x00000000       0x28 ..\obj\misc.o
 .text.NVIC_SetVectorTable
                0x00000000       0x2c ..\obj\misc.o
 .text.NVIC_SystemLPConfig
                0x00000000       0x54 ..\obj\misc.o
 .text.SysTick_CLKSourceConfig
                0x00000000       0x4c ..\obj\misc.o
 .text          0x00000000        0x0 ..\obj\stm32f10x_spi.o
 .data          0x00000000        0x0 ..\obj\stm32f10x_spi.o
 .bss           0x00000000        0x0 ..\obj\stm32f10x_spi.o
 .text.SPI_I2S_DeInit
                0x00000000       0x88 ..\obj\stm32f10x_spi.o
 .text.I2S_Init
                0x00000000      0x198 ..\obj\stm32f10x_spi.o
 .text.SPI_StructInit
                0x00000000       0x5c ..\obj\stm32f10x_spi.o
 .text.I2S_StructInit
                0x00000000       0x44 ..\obj\stm32f10x_spi.o
 .text.I2S_Cmd  0x00000000       0x40 ..\obj\stm32f10x_spi.o
 .text.SPI_I2S_ITConfig
                0x00000000       0x6c ..\obj\stm32f10x_spi.o
 .text.SPI_I2S_DMACmd
                0x00000000       0x48 ..\obj\stm32f10x_spi.o
 .text.SPI_NSSInternalSoftwareConfig
                0x00000000       0x44 ..\obj\stm32f10x_spi.o
 .text.SPI_SSOutputCmd
                0x00000000       0x40 ..\obj\stm32f10x_spi.o
 .text.SPI_DataSizeConfig
                0x00000000       0x38 ..\obj\stm32f10x_spi.o
 .text.SPI_TransmitCRC
                0x00000000       0x24 ..\obj\stm32f10x_spi.o
 .text.SPI_CalculateCRC
                0x00000000       0x40 ..\obj\stm32f10x_spi.o
 .text.SPI_GetCRC
                0x00000000       0x34 ..\obj\stm32f10x_spi.o
 .text.SPI_GetCRCPolynomial
                0x00000000       0x1c ..\obj\stm32f10x_spi.o
 .text.SPI_BiDirectionalLineConfig
                0x00000000       0x40 ..\obj\stm32f10x_spi.o
 .text.SPI_I2S_ClearFlag
                0x00000000       0x24 ..\obj\stm32f10x_spi.o
 .text.SPI_I2S_GetITStatus
                0x00000000       0x88 ..\obj\stm32f10x_spi.o
 .text.SPI_I2S_ClearITPendingBit
                0x00000000       0x38 ..\obj\stm32f10x_spi.o
 .text          0x00000000        0x0 ..\obj\LCD_Driver.o
 .data          0x00000000        0x0 ..\obj\LCD_Driver.o
 .bss           0x00000000        0x0 ..\obj\LCD_Driver.o
 .text.LcdEnableCursor
                0x00000000       0x10 ..\obj\LCD_Driver.o
 .text.LcdDisableCursor
                0x00000000       0x10 ..\obj\LCD_Driver.o
 .text          0x00000000        0x0 c:/program files/gnu tools arm embedded/4.7 2013q1/bin/../lib/gcc/arm-none-eabi/4.7.3/../../../../arm-none-eabi/lib/armv7-m\libg.a(lib_a-atoi.o)
 .data          0x00000000        0x0 c:/program files/gnu tools arm embedded/4.7 2013q1/bin/../lib/gcc/arm-none-eabi/4.7.3/../../../../arm-none-eabi/lib/armv7-m\libg.a(lib_a-atoi.o)
 .bss           0x00000000        0x0 c:/program files/gnu tools arm embedded/4.7 2013q1/bin/../lib/gcc/arm-none-eabi/4.7.3/../../../../arm-none-eabi/lib/armv7-m\libg.a(lib_a-atoi.o)
 .text._atoi_r  0x00000000        0x8 c:/program files/gnu tools arm embedded/4.7 2013q1/bin/../lib/gcc/arm-none-eabi/4.7.3/../../../../arm-none-eabi/lib/armv7-m\libg.a(lib_a-atoi.o)
 .text          0x00000000        0x0 c:/program files/gnu tools arm embedded/4.7 2013q1/bin/../lib/gcc/arm-none-eabi/4.7.3/../../../../arm-none-eabi/lib/armv7-m\libg.a(lib_a-memcmp.o)
 .data          0x00000000        0x0 c:/program files/gnu tools arm embedded/4.7 2013q1/bin/../lib/gcc/arm-none-eabi/4.7.3/../../../../arm-none-eabi/lib/armv7-m\libg.a(lib_a-memcmp.o)
 .bss           0x00000000        0x0 c:/program files/gnu tools arm embedded/4.7 2013q1/bin/../lib/gcc/arm-none-eabi/4.7.3/../../../../arm-none-eabi/lib/armv7-m\libg.a(lib_a-memcmp.o)
 .text          0x00000000        0x0 c:/program files/gnu tools arm embedded/4.7 2013q1/bin/../lib/gcc/arm-none-eabi/4.7.3/../../../../arm-none-eabi/lib/armv7-m\libg.a(lib_a-memcpy.o)
 .data          0x00000000        0x0 c:/program files/gnu tools arm embedded/4.7 2013q1/bin/../lib/gcc/arm-none-eabi/4.7.3/../../../../arm-none-eabi/lib/armv7-m\libg.a(lib_a-memcpy.o)
 .bss           0x00000000        0x0 c:/program files/gnu tools arm embedded/4.7 2013q1/bin/../lib/gcc/arm-none-eabi/4.7.3/../../../../arm-none-eabi/lib/armv7-m\libg.a(lib_a-memcpy.o)
 .text          0x00000000        0x0 c:/program files/gnu tools arm embedded/4.7 2013q1/bin/../lib/gcc/arm-none-eabi/4.7.3/../../../../arm-none-eabi/lib/armv7-m\libg.a(lib_a-memset.o)
 .data          0x00000000        0x0 c:/program files/gnu tools arm embedded/4.7 2013q1/bin/../lib/gcc/arm-none-eabi/4.7.3/../../../../arm-none-eabi/lib/armv7-m\libg.a(lib_a-memset.o)
 .bss           0x00000000        0x0 c:/program files/gnu tools arm embedded/4.7 2013q1/bin/../lib/gcc/arm-none-eabi/4.7.3/../../../../arm-none-eabi/lib/armv7-m\libg.a(lib_a-memset.o)
 .text          0x00000000        0x0 c:/program files/gnu tools arm embedded/4.7 2013q1/bin/../lib/gcc/arm-none-eabi/4.7.3/../../../../arm-none-eabi/lib/armv7-m\libg.a(lib_a-strchr.o)
 .data          0x00000000        0x0 c:/program files/gnu tools arm embedded/4.7 2013q1/bin/../lib/gcc/arm-none-eabi/4.7.3/../../../../arm-none-eabi/lib/armv7-m\libg.a(lib_a-strchr.o)
 .bss           0x00000000        0x0 c:/program files/gnu tools arm embedded/4.7 2013q1/bin/../lib/gcc/arm-none-eabi/4.7.3/../../../../arm-none-eabi/lib/armv7-m\libg.a(lib_a-strchr.o)
 .text          0x00000000        0x0 c:/program files/gnu tools arm embedded/4.7 2013q1/bin/../lib/gcc/arm-none-eabi/4.7.3/../../../../arm-none-eabi/lib/armv7-m\libg.a(lib_a-strcmp.o)
 .data          0x00000000        0x0 c:/program files/gnu tools arm embedded/4.7 2013q1/bin/../lib/gcc/arm-none-eabi/4.7.3/../../../../arm-none-eabi/lib/armv7-m\libg.a(lib_a-strcmp.o)
 .bss           0x00000000        0x0 c:/program files/gnu tools arm embedded/4.7 2013q1/bin/../lib/gcc/arm-none-eabi/4.7.3/../../../../arm-none-eabi/lib/armv7-m\libg.a(lib_a-strcmp.o)
 .text          0x00000000        0x0 c:/program files/gnu tools arm embedded/4.7 2013q1/bin/../lib/gcc/arm-none-eabi/4.7.3/../../../../arm-none-eabi/lib/armv7-m\libg.a(lib_a-strtol.o)
 .data          0x00000000        0x0 c:/program files/gnu tools arm embedded/4.7 2013q1/bin/../lib/gcc/arm-none-eabi/4.7.3/../../../../arm-none-eabi/lib/armv7-m\libg.a(lib_a-strtol.o)
 .bss           0x00000000        0x0 c:/program files/gnu tools arm embedded/4.7 2013q1/bin/../lib/gcc/arm-none-eabi/4.7.3/../../../../arm-none-eabi/lib/armv7-m\libg.a(lib_a-strtol.o)
 .text          0x00000000        0x0 c:/program files/gnu tools arm embedded/4.7 2013q1/bin/../lib/gcc/arm-none-eabi/4.7.3/../../../../arm-none-eabi/lib/armv7-m\libg.a(lib_a-ctype_.o)
 .data          0x00000000        0x0 c:/program files/gnu tools arm embedded/4.7 2013q1/bin/../lib/gcc/arm-none-eabi/4.7.3/../../../../arm-none-eabi/lib/armv7-m\libg.a(lib_a-ctype_.o)
 .bss           0x00000000        0x0 c:/program files/gnu tools arm embedded/4.7 2013q1/bin/../lib/gcc/arm-none-eabi/4.7.3/../../../../arm-none-eabi/lib/armv7-m\libg.a(lib_a-ctype_.o)

Memory Configuration

Name             Origin             Length             Attributes
rom              0x08000000         0x00020000         xr
ram              0x20000000         0x00002000         xrw
*default*        0x00000000         0xffffffff

Linker script and memory map

                0x20002000                _eram = 0x20002000

.text           0x08000000     0x431c
 *(.isr_vector .isr_vector.*)
 .isr_vector    0x08000000      0x124 ..\obj\startup_stm32f10x_md_vl.o
                0x08000000                g_pfnVectors
 *(.text .text.* .gnu.linkonce.t.*)
 .text.enc28j60_rxtx
                0x08000124       0x68 ..\obj\enc28j60.o
                0x08000124                enc28j60_rxtx
 .text.enc28j60_read_op
                0x0800018c       0x6c ..\obj\enc28j60.o
                0x0800018c                enc28j60_read_op
 .text.enc28j60_write_op
                0x080001f8       0x58 ..\obj\enc28j60.o
                0x080001f8                enc28j60_write_op
 .text.enc28j60_soft_reset
                0x08000250       0x44 ..\obj\enc28j60.o
                0x08000250                enc28j60_soft_reset
 .text.enc28j60_set_bank
                0x08000294       0x68 ..\obj\enc28j60.o
                0x08000294                enc28j60_set_bank
 .text.enc28j60_rcr
                0x080002fc       0x2c ..\obj\enc28j60.o
                0x080002fc                enc28j60_rcr
 .text.enc28j60_wcr
                0x08000328       0x30 ..\obj\enc28j60.o
                0x08000328                enc28j60_wcr
 .text.enc28j60_wcr16
                0x08000358       0x50 ..\obj\enc28j60.o
                0x08000358                enc28j60_wcr16
 .text.enc28j60_bfc
                0x080003a8       0x30 ..\obj\enc28j60.o
                0x080003a8                enc28j60_bfc
 .text.enc28j60_bfs
                0x080003d8       0x30 ..\obj\enc28j60.o
                0x080003d8                enc28j60_bfs
 .text.enc28j60_read_buffer
                0x08000408       0x70 ..\obj\enc28j60.o
                0x08000408                enc28j60_read_buffer
 .text.enc28j60_write_buffer
                0x08000478       0x68 ..\obj\enc28j60.o
                0x08000478                enc28j60_write_buffer
 .text.enc28j60_write_phy
                0x080004e0       0x44 ..\obj\enc28j60.o
                0x080004e0                enc28j60_write_phy
 .text.enc28j60_init
                0x08000524      0x2b4 ..\obj\enc28j60.o
                0x08000524                enc28j60_init
 .text.enc28j60_send_packet
                0x080007d8       0xa4 ..\obj\enc28j60.o
                0x080007d8                enc28j60_send_packet
 .text.enc28j60_recv_packet
                0x0800087c       0xc8 ..\obj\enc28j60.o
                0x0800087c                enc28j60_recv_packet
 .text._delay_us
                0x08000944       0x4c ..\obj\delay.o
                0x08000944                _delay_us
 .text._delay_ms
                0x08000990       0x30 ..\obj\delay.o
                0x08000990                _delay_ms
 .text.TIM_DeInit
                0x080009c0      0x2b0 ..\obj\stm32f10x_tim.o
                0x080009c0                TIM_DeInit
 .text.TIM_TimeBaseInit
                0x08000c70      0x11c ..\obj\stm32f10x_tim.o
                0x08000c70                TIM_TimeBaseInit
 .text.TIM_Cmd  0x08000d8c       0x40 ..\obj\stm32f10x_tim.o
                0x08000d8c                TIM_Cmd
 .text.TIM_ITConfig
                0x08000dcc       0x48 ..\obj\stm32f10x_tim.o
                0x08000dcc                TIM_ITConfig
 .text.TIM_ClearITPendingBit
                0x08000e14       0x24 ..\obj\stm32f10x_tim.o
                0x08000e14                TIM_ClearITPendingBit
 .text.Default_Reset_Handler
                0x08000e38       0x70 ..\obj\startup_stm32f10x_md_vl.o
                0x08000e38                Default_Reset_Handler
                0x08000e38                Reset_Handler
 .text.Default_Handler
                0x08000ea8        0x8 ..\obj\startup_stm32f10x_md_vl.o
                0x08000ea8                EXTI2_IRQHandler
                0x08000ea8                DebugMon_Handler
                0x08000ea8                TIM1_CC_IRQHandler
                0x08000ea8                HardFault_Handler
                0x08000ea8                SysTick_Handler
                0x08000ea8                PVD_IRQHandler
                0x08000ea8                PendSV_Handler
                0x08000ea8                NMI_Handler
                0x08000ea8                EXTI3_IRQHandler
                0x08000ea8                EXTI0_IRQHandler
                0x08000ea8                I2C2_EV_IRQHandler
                0x08000ea8                TIM1_UP_TIM16_IRQHandler
                0x08000ea8                UsageFault_Handler
                0x08000ea8                SPI1_IRQHandler
                0x08000ea8                TAMPER_IRQHandler
                0x08000ea8                TIM6_DAC_IRQHandler
                0x08000ea8                DMA1_Channel4_IRQHandler
                0x08000ea8                ADC1_IRQHandler
                0x08000ea8                USART3_IRQHandler
                0x08000ea8                RTC_IRQHandler
                0x08000ea8                DMA1_Channel7_IRQHandler
                0x08000ea8                I2C1_EV_IRQHandler
                0x08000ea8                DMA1_Channel6_IRQHandler
                0x08000ea8                TIM3_IRQHandler
                0x08000ea8                RCC_IRQHandler
                0x08000ea8                DMA1_Channel1_IRQHandler
                0x08000ea8                CEC_IRQHandler
                0x08000ea8                EXTI15_10_IRQHandler
                0x08000ea8                TIM7_IRQHandler
                0x08000ea8                EXTI9_5_IRQHandler
                0x08000ea8                SPI2_IRQHandler
                0x08000ea8                MemManage_Handler
                0x08000ea8                SVC_Handler
                0x08000ea8                DMA1_Channel5_IRQHandler
                0x08000ea8                EXTI4_IRQHandler
                0x08000ea8                TIM1_TRG_COM_TIM17_IRQHandler
                0x08000ea8                DMA1_Channel3_IRQHandler
                0x08000ea8                WWDG_IRQHandler
                0x08000ea8                TIM2_IRQHandler
                0x08000ea8                EXTI1_IRQHandler
                0x08000ea8                RTCAlarm_IRQHandler
                0x08000ea8                USART2_IRQHandler
                0x08000ea8                I2C2_ER_IRQHandler
                0x08000ea8                DMA1_Channel2_IRQHandler
                0x08000ea8                FLASH_IRQHandler
                0x08000ea8                BusFault_Handler
                0x08000ea8                USART1_IRQHandler
                0x08000ea8                I2C1_ER_IRQHandler
                0x08000ea8                TIM1_BRK_TIM15_IRQHandler
 .text.SystemInit
                0x08000eb0       0xb8 ..\obj\system_stm32f10x.o
                0x08000eb0                SystemInit
 .text.SetSysClock
                0x08000f68        0xc ..\obj\system_stm32f10x.o
 .text.SetSysClockTo24
                0x08000f74      0x15c ..\obj\system_stm32f10x.o
 .text.TIM4_IRQHandler
                0x080010d0       0x80 ..\obj\counter.o
                0x080010d0                TIM4_IRQHandler
 .text.counter_init
                0x08001150       0x9c ..\obj\counter.o
                0x08001150                counter_init
 .text.GPIO_Init
                0x080011ec      0x1b0 ..\obj\stm32f10x_gpio.o
                0x080011ec                GPIO_Init
 .text.GPIO_SetBits
                0x0800139c       0x1c ..\obj\stm32f10x_gpio.o
                0x0800139c                GPIO_SetBits
 .text.GPIO_ResetBits
                0x080013b8       0x1c ..\obj\stm32f10x_gpio.o
                0x080013b8                GPIO_ResetBits
 .text.udp_packet
                0x080013d4      0x128 ..\obj\main.o
                0x080013d4                udp_packet
 .text.tcp_listen
                0x080014fc       0x4c ..\obj\main.o
                0x080014fc                tcp_listen
 .text.tcp_opened
                0x08001548       0x18 ..\obj\main.o
                0x08001548                tcp_opened
 .text.tcp_closed
                0x08001560       0x18 ..\obj\main.o
                0x08001560                tcp_closed
 .text.tcp_data
                0x08001578       0xac ..\obj\main.o
                0x08001578                tcp_data
 .text.main     0x08001624       0xc0 ..\obj\main.o
                0x08001624                main
 .text.PutChar  0x080016e4       0x24 ..\obj\printf.o
                0x080016e4                PutChar
 .text.PutString
                0x08001708       0x48 ..\obj\printf.o
                0x08001708                PutString
 .text.PutUnsignedInt
                0x08001750       0xbc ..\obj\printf.o
                0x08001750                PutUnsignedInt
 .text.PutSignedInt
                0x0800180c      0x12c ..\obj\printf.o
                0x0800180c                PutSignedInt
 .text.PutHexa  0x08001938       0xe8 ..\obj\printf.o
                0x08001938                PutHexa
 .text.vsnprintf
                0x08001a20      0x2a4 ..\obj\printf.o
                0x08001a20                vsnprintf
 .text.vsprintf
                0x08001cc4       0x28 ..\obj\printf.o
                0x08001cc4                vsprintf
 .text.sprintf  0x08001cec       0x30 ..\obj\printf.o
                0x08001cec                sprintf
 .text.RCC_APB2PeriphClockCmd
                0x08001d1c       0x54 ..\obj\stm32f10x_rcc.o
                0x08001d1c                RCC_APB2PeriphClockCmd
 .text.RCC_APB1PeriphClockCmd
                0x08001d70       0x54 ..\obj\stm32f10x_rcc.o
                0x08001d70                RCC_APB1PeriphClockCmd
 .text.RCC_APB2PeriphResetCmd
                0x08001dc4       0x54 ..\obj\stm32f10x_rcc.o
                0x08001dc4                RCC_APB2PeriphResetCmd
 .text.RCC_APB1PeriphResetCmd
                0x08001e18       0x54 ..\obj\stm32f10x_rcc.o
                0x08001e18                RCC_APB1PeriphResetCmd
 .text.InitLeds
                0x08001e6c       0x40 ..\obj\LedsAndButtons.o
                0x08001e6c                InitLeds
 .text.InitButtons
                0x08001eac       0x40 ..\obj\LedsAndButtons.o
                0x08001eac                InitButtons
 .text.fill_buf
                0x08001eec       0x38 ..\obj\web_if.o
                0x08001eec                fill_buf
 .text.webif_init
                0x08001f24        0xc ..\obj\web_if.o
                0x08001f24                webif_init
 .text.webif_data
                0x08001f30      0x420 ..\obj\web_if.o
                0x08001f30                webif_data
 .text.tcp_reply
                0x08002350      0x120 ..\obj\lan.o
                0x08002350                tcp_reply
 .text.tcp_send
                0x08002470       0x84 ..\obj\lan.o
                0x08002470                tcp_send
 .text.tcp_step
                0x080024f4       0x7c ..\obj\lan.o
                0x080024f4                tcp_step
 .text.tcp_filter
                0x08002570      0x3c4 ..\obj\lan.o
                0x08002570                tcp_filter
 .text.tcp_poll
                0x08002934       0x84 ..\obj\lan.o
                0x08002934                tcp_poll
 .text.udp_filter
                0x080029b8       0x60 ..\obj\lan.o
                0x080029b8                udp_filter
 .text.icmp_filter
                0x08002a18       0xdc ..\obj\lan.o
                0x08002a18                icmp_filter
 .text.ip_cksum
                0x08002af4       0xa4 ..\obj\lan.o
                0x08002af4                ip_cksum
 .text.ip_reply
                0x08002b98       0xa8 ..\obj\lan.o
                0x08002b98                ip_reply
 .text.ip_resend
                0x08002c40       0x70 ..\obj\lan.o
                0x08002c40                ip_resend
 .text.ip_filter
                0x08002cb0       0xe4 ..\obj\lan.o
                0x08002cb0                ip_filter
 .text.arp_search_cache
                0x08002d94       0x6c ..\obj\lan.o
                0x08002d94                arp_search_cache
 .text.arp_filter
                0x08002e00      0x174 ..\obj\lan.o
                0x08002e00                arp_filter
 .text.eth_resend
                0x08002f74       0x24 ..\obj\lan.o
                0x08002f74                eth_resend
 .text.eth_reply
                0x08002f98       0x50 ..\obj\lan.o
                0x08002f98                eth_reply
 .text.eth_filter
                0x08002fe8       0x50 ..\obj\lan.o
                0x08002fe8                eth_filter
 .text.lan_init
                0x08003038       0x14 ..\obj\lan.o
                0x08003038                lan_init
 .text.lan_poll
                0x0800304c       0x44 ..\obj\lan.o
                0x0800304c                lan_poll
 .text.NVIC_Init
                0x08003090       0xe8 ..\obj\misc.o
                0x08003090                NVIC_Init
 .text.SPI_Init
                0x08003178       0x88 ..\obj\stm32f10x_spi.o
                0x08003178                SPI_Init
 .text.SPI_Cmd  0x08003200       0x40 ..\obj\stm32f10x_spi.o
                0x08003200                SPI_Cmd
 .text.SPI_I2S_SendData
                0x08003240       0x1c ..\obj\stm32f10x_spi.o
                0x08003240                SPI_I2S_SendData
 .text.SPI_I2S_ReceiveData
                0x0800325c       0x1c ..\obj\stm32f10x_spi.o
                0x0800325c                SPI_I2S_ReceiveData
 .text.SPI_I2S_GetFlagStatus
                0x08003278       0x40 ..\obj\stm32f10x_spi.o
                0x08003278                SPI_I2S_GetFlagStatus
 .text.LcdSendNibble
                0x080032b8       0xf8 ..\obj\LCD_Driver.o
                0x080032b8                LcdSendNibble
 .text.LcdSendByte
                0x080033b0       0x3c ..\obj\LCD_Driver.o
                0x080033b0                LcdSendByte
 .text.LcdSendCommand
                0x080033ec       0x3c ..\obj\LCD_Driver.o
                0x080033ec                LcdSendCommand
 .text.LcdSendString
                0x08003428       0x3c ..\obj\LCD_Driver.o
                0x08003428                LcdSendString
 .text.LcdClear
                0x08003464       0x18 ..\obj\LCD_Driver.o
                0x08003464                LcdClear
 .text.LcdGotoXY
                0x0800347c       0x70 ..\obj\LCD_Driver.o
                0x0800347c                LcdGotoXY
 .text.LcdInit  0x080034ec      0x124 ..\obj\LCD_Driver.o
                0x080034ec                LcdInit
 .text.LcdDefineChars
                0x08003610       0x78 ..\obj\LCD_Driver.o
                0x08003610                LcdDefineChars
 .text.atoi     0x08003688        0x8 c:/program files/gnu tools arm embedded/4.7 2013q1/bin/../lib/gcc/arm-none-eabi/4.7.3/../../../../arm-none-eabi/lib/armv7-m\libg.a(lib_a-atoi.o)
                0x08003688                atoi
 .text.memcmp   0x08003690       0xb8 c:/program files/gnu tools arm embedded/4.7 2013q1/bin/../lib/gcc/arm-none-eabi/4.7.3/../../../../arm-none-eabi/lib/armv7-m\libg.a(lib_a-memcmp.o)
                0x08003690                memcmp
 .text.memcpy   0x08003748      0x15c c:/program files/gnu tools arm embedded/4.7 2013q1/bin/../lib/gcc/arm-none-eabi/4.7.3/../../../../arm-none-eabi/lib/armv7-m\libg.a(lib_a-memcpy.o)
                0x08003748                memcpy
 .text.memset   0x080038a4      0x12c c:/program files/gnu tools arm embedded/4.7 2013q1/bin/../lib/gcc/arm-none-eabi/4.7.3/../../../../arm-none-eabi/lib/armv7-m\libg.a(lib_a-memset.o)
                0x080038a4                memset
 .text.strchr   0x080039d0       0xfc c:/program files/gnu tools arm embedded/4.7 2013q1/bin/../lib/gcc/arm-none-eabi/4.7.3/../../../../arm-none-eabi/lib/armv7-m\libg.a(lib_a-strchr.o)
                0x080039d0                strchr
 .text.strcmp   0x08003acc       0x80 c:/program files/gnu tools arm embedded/4.7 2013q1/bin/../lib/gcc/arm-none-eabi/4.7.3/../../../../arm-none-eabi/lib/armv7-m\libg.a(lib_a-strcmp.o)
                0x08003acc                strcmp
 .text.strcmp_unaligned
                0x08003b4c      0x15c c:/program files/gnu tools arm embedded/4.7 2013q1/bin/../lib/gcc/arm-none-eabi/4.7.3/../../../../arm-none-eabi/lib/armv7-m\libg.a(lib_a-strcmp.o)
 .text._strtol_r
                0x08003ca8      0x130 c:/program files/gnu tools arm embedded/4.7 2013q1/bin/../lib/gcc/arm-none-eabi/4.7.3/../../../../arm-none-eabi/lib/armv7-m\libg.a(lib_a-strtol.o)
                0x08003ca8                _strtol_r
 .text.strtol   0x08003dd8       0x1c c:/program files/gnu tools arm embedded/4.7 2013q1/bin/../lib/gcc/arm-none-eabi/4.7.3/../../../../arm-none-eabi/lib/armv7-m\libg.a(lib_a-strtol.o)
                0x08003dd8                strtol
 *(.glue_7t)
 .glue_7t       0x00000000        0x0 linker stubs
 *(.glue_7)
 .glue_7        0x00000000        0x0 linker stubs
 *(.rodata .rodata* .gnu.linkonce.r.*)
 .rodata        0x08003df4        0x4 ..\obj\enc28j60.o
 .rodata        0x08003df8       0xc4 ..\obj\main.o
                0x08003df8                Screen_Logo_Image
 .rodata        0x08003ebc      0x318 ..\obj\web_if.o
                0x08003ebc                webif_404_reply
                0x08003f54                webif_200_header
 .rodata        0x080041d4       0x3c ..\obj\lan.o
 .rodata        0x08004210        0x8 ..\obj\LCD_Driver.o
                0x08004210                UserDefinedChars
 .rodata._ctype_
                0x08004218      0x104 c:/program files/gnu tools arm embedded/4.7 2013q1/bin/../lib/gcc/arm-none-eabi/4.7.3/../../../../arm-none-eabi/lib/armv7-m\libg.a(lib_a-ctype_.o)
                0x08004218                _ctype_

.vfp11_veneer   0x0800431c        0x0
 .vfp11_veneer  0x00000000        0x0 linker stubs

.v4_bx          0x0800431c        0x0
 .v4_bx         0x00000000        0x0 linker stubs

.iplt           0x0800431c        0x0
 .iplt          0x00000000        0x0 ..\obj\enc28j60.o

.rel.dyn        0x0800431c        0x0
 .rel.iplt      0x00000000        0x0 ..\obj\enc28j60.o

.ARM.extab
 *(.ARM.extab* .gnu.linkonce.armextab.*)
                0x0800431c                __exidx_start = .

.ARM.exidx
 *(.ARM.exidx* .gnu.linkonce.armexidx.*)
                0x0800431c                __exidx_end = .
                0x0800431c                . = ALIGN (0x4)
                0x0800431c                _etext = .
                0x0800431c                _sidata = .

.data           0x20000000      0x448 load address 0x0800431c
                0x20000000                _sdata = .
 *(.data .data.*)
 .data          0x20000000      0x430 ..\obj\printf.o
                0x20000000                r
                0x20000428                _impure_ptr
 .data          0x20000430       0x14 ..\obj\lan.o
 .data.__ctype_ptr__
                0x20000444        0x4 c:/program files/gnu tools arm embedded/4.7 2013q1/bin/../lib/gcc/arm-none-eabi/4.7.3/../../../../arm-none-eabi/lib/armv7-m\libg.a(lib_a-ctype_.o)
                0x20000444                __ctype_ptr__
                0x20000448                . = ALIGN (0x4)
                0x20000448                _edata = .

.igot.plt       0x20000448        0x0 load address 0x08004764
 .igot.plt      0x00000000        0x0 ..\obj\enc28j60.o

.bss            0x20000448      0x268 load address 0x08004764
                0x20000448                _sbss = .
 *(.bss .bss.*)
 .bss           0x20000448        0x4 ..\obj\enc28j60.o
                0x20000448                enc28j60_current_bank
                0x2000044a                enc28j60_rxrdpt
 .bss           0x2000044c       0x28 ..\obj\lan.o
 *(COMMON)
 COMMON         0x20000474        0xc ..\obj\counter.o
                0x20000474                ms_count
                0x20000478                second_count
                0x2000047c                tick_count
 COMMON         0x20000480       0x18 ..\obj\web_if.o
                0x20000480                led_brightness
                0x20000484                String
 COMMON         0x20000498      0x217 ..\obj\lan.o
                0x20000498                net_buf
                0x20000698                tcp_pool
                0x200006ae                tcp_use_resend
                0x200006b0                . = ALIGN (0x4)
 *fill*         0x200006af        0x1 00
                0x200006b0                _ebss = .

.co_stack       0x200006b0      0x400 load address 0x080049cc
                0x200006b0                . = ALIGN (0x8)
 *(.co_stack .co_stack.*)
 .co_stack      0x200006b0      0x400 ..\obj\startup_stm32f10x_md_vl.o
                0x200006b0                pulStack
                0x20000ab0                . = ALIGN (0x4)
                0x20000ab0                _end = .
LOAD ..\obj\enc28j60.o
LOAD ..\obj\delay.o
LOAD ..\obj\stm32f10x_tim.o
LOAD ..\obj\startup_stm32f10x_md_vl.o
LOAD ..\obj\core_cm3.o
LOAD ..\obj\system_stm32f10x.o
LOAD ..\obj\counter.o
LOAD ..\obj\stm32f10x_gpio.o
LOAD ..\obj\main.o
LOAD ..\obj\printf.o
LOAD ..\obj\stm32f10x_rcc.o
LOAD ..\obj\LedsAndButtons.o
LOAD ..\obj\web_if.o
LOAD ..\obj\syscalls.o
LOAD ..\obj\lan.o
LOAD ..\obj\misc.o
LOAD ..\obj\stm32f10x_spi.o
LOAD ..\obj\LCD_Driver.o
START GROUP
LOAD c:/program files/gnu tools arm embedded/4.7 2013q1/bin/../lib/gcc/arm-none-eabi/4.7.3/armv7-m\libgcc.a
LOAD c:/program files/gnu tools arm embedded/4.7 2013q1/bin/../lib/gcc/arm-none-eabi/4.7.3/../../../../arm-none-eabi/lib/armv7-m\libg.a
LOAD c:/program files/gnu tools arm embedded/4.7 2013q1/bin/../lib/gcc/arm-none-eabi/4.7.3/../../../../arm-none-eabi/lib/armv7-m\libc.a
END GROUP
OUTPUT(NetworksTest_Flash.elf elf32-littlearm)

.debug_info     0x00000000     0x7e24
 .debug_info    0x00000000      0x7eb ..\obj\enc28j60.o
 .debug_info    0x000007eb       0xa5 ..\obj\delay.o
 .debug_info    0x00000890     0x1e6c ..\obj\stm32f10x_tim.o
 .debug_info    0x000026fc       0xff ..\obj\startup_stm32f10x_md_vl.o
 .debug_info    0x000027fb      0x40c ..\obj\system_stm32f10x.o
 .debug_info    0x00002c07      0x596 ..\obj\counter.o
 .debug_info    0x0000319d      0x72e ..\obj\stm32f10x_gpio.o
 .debug_info    0x000038cb      0x4fb ..\obj\main.o
 .debug_info    0x00003dc6      0xf65 ..\obj\printf.o
 .debug_info    0x00004d2b      0x990 ..\obj\stm32f10x_rcc.o
 .debug_info    0x000056bb      0x231 ..\obj\LedsAndButtons.o
 .debug_info    0x000058ec      0x4ef ..\obj\web_if.o
 .debug_info    0x00005ddb      0xdb0 ..\obj\lan.o
 .debug_info    0x00006b8b      0x544 ..\obj\misc.o
 .debug_info    0x000070cf      0x981 ..\obj\stm32f10x_spi.o
 .debug_info    0x00007a50      0x3d4 ..\obj\LCD_Driver.o

.debug_abbrev   0x00000000     0x1727
 .debug_abbrev  0x00000000      0x1d4 ..\obj\enc28j60.o
 .debug_abbrev  0x000001d4       0x78 ..\obj\delay.o
 .debug_abbrev  0x0000024c      0x1b2 ..\obj\stm32f10x_tim.o
 .debug_abbrev  0x000003fe       0xa9 ..\obj\startup_stm32f10x_md_vl.o
 .debug_abbrev  0x000004a7      0x179 ..\obj\system_stm32f10x.o
 .debug_abbrev  0x00000620      0x118 ..\obj\counter.o
 .debug_abbrev  0x00000738      0x1ca ..\obj\stm32f10x_gpio.o
 .debug_abbrev  0x00000902      0x1a1 ..\obj\main.o
 .debug_abbrev  0x00000aa3      0x262 ..\obj\printf.o
 .debug_abbrev  0x00000d05      0x1bc ..\obj\stm32f10x_rcc.o
 .debug_abbrev  0x00000ec1       0xef ..\obj\LedsAndButtons.o
 .debug_abbrev  0x00000fb0      0x176 ..\obj\web_if.o
 .debug_abbrev  0x00001126      0x1d9 ..\obj\lan.o
 .debug_abbrev  0x000012ff      0x138 ..\obj\misc.o
 .debug_abbrev  0x00001437      0x180 ..\obj\stm32f10x_spi.o
 .debug_abbrev  0x000015b7      0x170 ..\obj\LCD_Driver.o

.debug_loc      0x00000000     0x3899
 .debug_loc     0x00000000      0x3e4 ..\obj\enc28j60.o
 .debug_loc     0x000003e4       0x70 ..\obj\delay.o
 .debug_loc     0x00000454     0x13e8 ..\obj\stm32f10x_tim.o
 .debug_loc     0x0000183c       0x64 ..\obj\startup_stm32f10x_md_vl.o
 .debug_loc     0x000018a0       0xc8 ..\obj\system_stm32f10x.o
 .debug_loc     0x00001968       0x64 ..\obj\counter.o
 .debug_loc     0x000019cc      0x3e4 ..\obj\stm32f10x_gpio.o
 .debug_loc     0x00001db0      0x151 ..\obj\main.o
 .debug_loc     0x00001f01      0x3ea ..\obj\printf.o
 .debug_loc     0x000022eb      0x714 ..\obj\stm32f10x_rcc.o
 .debug_loc     0x000029ff       0x70 ..\obj\LedsAndButtons.o
 .debug_loc     0x00002a6f       0x9e ..\obj\web_if.o
 .debug_loc     0x00002b0d      0x560 ..\obj\lan.o
 .debug_loc     0x0000306d      0x118 ..\obj\misc.o
 .debug_loc     0x00003185      0x508 ..\obj\stm32f10x_spi.o
 .debug_loc     0x0000368d      0x20c ..\obj\LCD_Driver.o

.debug_aranges  0x00000000      0x9a8
 .debug_aranges
                0x00000000       0xa8 ..\obj\enc28j60.o
 .debug_aranges
                0x000000a8       0x28 ..\obj\delay.o
 .debug_aranges
                0x000000d0      0x2f0 ..\obj\stm32f10x_tim.o
 .debug_aranges
                0x000003c0       0x28 ..\obj\startup_stm32f10x_md_vl.o
 .debug_aranges
                0x000003e8       0x38 ..\obj\system_stm32f10x.o
 .debug_aranges
                0x00000420       0x28 ..\obj\counter.o
 .debug_aranges
                0x00000448       0xa8 ..\obj\stm32f10x_gpio.o
 .debug_aranges
                0x000004f0       0x48 ..\obj\main.o
 .debug_aranges
                0x00000538       0xa0 ..\obj\printf.o
 .debug_aranges
                0x000005d8      0x120 ..\obj\stm32f10x_rcc.o
 .debug_aranges
                0x000006f8       0x28 ..\obj\LedsAndButtons.o
 .debug_aranges
                0x00000720       0x30 ..\obj\web_if.o
 .debug_aranges
                0x00000750       0xe0 ..\obj\lan.o
 .debug_aranges
                0x00000830       0x40 ..\obj\misc.o
 .debug_aranges
                0x00000870       0xd0 ..\obj\stm32f10x_spi.o
 .debug_aranges
                0x00000940       0x68 ..\obj\LCD_Driver.o

.debug_ranges   0x00000000      0x8a8
 .debug_ranges  0x00000000       0x98 ..\obj\enc28j60.o
 .debug_ranges  0x00000098       0x18 ..\obj\delay.o
 .debug_ranges  0x000000b0      0x2e0 ..\obj\stm32f10x_tim.o
 .debug_ranges  0x00000390       0x18 ..\obj\startup_stm32f10x_md_vl.o
 .debug_ranges  0x000003a8       0x28 ..\obj\system_stm32f10x.o
 .debug_ranges  0x000003d0       0x18 ..\obj\counter.o
 .debug_ranges  0x000003e8       0x98 ..\obj\stm32f10x_gpio.o
 .debug_ranges  0x00000480       0x38 ..\obj\main.o
 .debug_ranges  0x000004b8       0x90 ..\obj\printf.o
 .debug_ranges  0x00000548      0x110 ..\obj\stm32f10x_rcc.o
 .debug_ranges  0x00000658       0x18 ..\obj\LedsAndButtons.o
 .debug_ranges  0x00000670       0x20 ..\obj\web_if.o
 .debug_ranges  0x00000690       0xd0 ..\obj\lan.o
 .debug_ranges  0x00000760       0x30 ..\obj\misc.o
 .debug_ranges  0x00000790       0xc0 ..\obj\stm32f10x_spi.o
 .debug_ranges  0x00000850       0x58 ..\obj\LCD_Driver.o

.debug_line     0x00000000     0x338a
 .debug_line    0x00000000      0x3c0 ..\obj\enc28j60.o
 .debug_line    0x000003c0       0xe6 ..\obj\delay.o
 .debug_line    0x000004a6      0xa6c ..\obj\stm32f10x_tim.o
 .debug_line    0x00000f12       0xad ..\obj\startup_stm32f10x_md_vl.o
 .debug_line    0x00000fbf      0x1df ..\obj\system_stm32f10x.o
 .debug_line    0x0000119e      0x1f2 ..\obj\counter.o
 .debug_line    0x00001390      0x386 ..\obj\stm32f10x_gpio.o
 .debug_line    0x00001716      0x24f ..\obj\main.o
 .debug_line    0x00001965      0x3ed ..\obj\printf.o
 .debug_line    0x00001d52      0x4a4 ..\obj\stm32f10x_rcc.o
 .debug_line    0x000021f6      0x1df ..\obj\LedsAndButtons.o
 .debug_line    0x000023d5      0x21a ..\obj\web_if.o
 .debug_line    0x000025ef      0x49a ..\obj\lan.o
 .debug_line    0x00002a89      0x21b ..\obj\misc.o
 .debug_line    0x00002ca4      0x3f9 ..\obj\stm32f10x_spi.o
 .debug_line    0x0000309d      0x2ed ..\obj\LCD_Driver.o

.debug_str      0x00000000     0x2c8d
 .debug_str     0x00000000      0x4cb ..\obj\enc28j60.o
                                0x51b (size before relaxing)
 .debug_str     0x000004cb       0x49 ..\obj\delay.o
                                 0xa4 (size before relaxing)
 .debug_str     0x00000514      0xbb5 ..\obj\stm32f10x_tim.o
                                0xd88 (size before relaxing)
 .debug_str     0x000010c9       0xbb ..\obj\startup_stm32f10x_md_vl.o
                                0x11f (size before relaxing)
 .debug_str     0x00001184      0x15f ..\obj\system_stm32f10x.o
                                0x27f (size before relaxing)
 .debug_str     0x000012e3      0x3b1 ..\obj\counter.o
                                0x652 (size before relaxing)
 .debug_str     0x00001694      0x259 ..\obj\stm32f10x_gpio.o
                                0x4c4 (size before relaxing)
 .debug_str     0x000018ed      0x1aa ..\obj\main.o
                                0x2ec (size before relaxing)
 .debug_str     0x00001a97      0x4b1 ..\obj\printf.o
                                0x63c (size before relaxing)
 .debug_str     0x00001f48      0x425 ..\obj\stm32f10x_rcc.o
                                0x618 (size before relaxing)
 .debug_str     0x0000236d       0x66 ..\obj\LedsAndButtons.o
                                0x287 (size before relaxing)
 .debug_str     0x000023d3       0x9d ..\obj\web_if.o
                                0x301 (size before relaxing)
 .debug_str     0x00002470      0x31f ..\obj\lan.o
                                0x5ac (size before relaxing)
 .debug_str     0x0000278f      0x161 ..\obj\misc.o
                                0x36e (size before relaxing)
 .debug_str     0x000028f0      0x2cb ..\obj\stm32f10x_spi.o
                                0x5a8 (size before relaxing)
 .debug_str     0x00002bbb       0xd2 ..\obj\LCD_Driver.o
                                0x31e (size before relaxing)

.comment        0x00000000       0x70
 .comment       0x00000000       0x70 ..\obj\enc28j60.o
                                 0x71 (size before relaxing)
 .comment       0x00000000       0x71 ..\obj\delay.o
 .comment       0x00000000       0x71 ..\obj\stm32f10x_tim.o
 .comment       0x00000000       0x71 ..\obj\startup_stm32f10x_md_vl.o
 .comment       0x00000000       0x71 ..\obj\system_stm32f10x.o
 .comment       0x00000000       0x71 ..\obj\counter.o
 .comment       0x00000000       0x71 ..\obj\stm32f10x_gpio.o
 .comment       0x00000000       0x71 ..\obj\main.o
 .comment       0x00000000       0x71 ..\obj\printf.o
 .comment       0x00000000       0x71 ..\obj\stm32f10x_rcc.o
 .comment       0x00000000       0x71 ..\obj\LedsAndButtons.o
 .comment       0x00000000       0x71 ..\obj\web_if.o
 .comment       0x00000000       0x71 ..\obj\lan.o
 .comment       0x00000000       0x71 ..\obj\misc.o
 .comment       0x00000000       0x71 ..\obj\stm32f10x_spi.o
 .comment       0x00000000       0x71 ..\obj\LCD_Driver.o

.ARM.attributes
                0x00000000       0x33
 .ARM.attributes
                0x00000000       0x33 ..\obj\enc28j60.o
 .ARM.attributes
                0x00000033       0x33 ..\obj\delay.o
 .ARM.attributes
                0x00000066       0x33 ..\obj\stm32f10x_tim.o
 .ARM.attributes
                0x00000099       0x33 ..\obj\startup_stm32f10x_md_vl.o
 .ARM.attributes
                0x000000cc       0x33 ..\obj\system_stm32f10x.o
 .ARM.attributes
                0x000000ff       0x33 ..\obj\counter.o
 .ARM.attributes
                0x00000132       0x33 ..\obj\stm32f10x_gpio.o
 .ARM.attributes
                0x00000165       0x33 ..\obj\main.o
 .ARM.attributes
                0x00000198       0x33 ..\obj\printf.o
 .ARM.attributes
                0x000001cb       0x33 ..\obj\stm32f10x_rcc.o
 .ARM.attributes
                0x000001fe       0x33 ..\obj\LedsAndButtons.o
 .ARM.attributes
                0x00000231       0x33 ..\obj\web_if.o
 .ARM.attributes
                0x00000264       0x33 ..\obj\lan.o
 .ARM.attributes
                0x00000297       0x33 ..\obj\misc.o
 .ARM.attributes
                0x000002ca       0x33 ..\obj\stm32f10x_spi.o
 .ARM.attributes
                0x000002fd       0x33 ..\obj\LCD_Driver.o
 .ARM.attributes
                0x00000330       0x2d c:/program files/gnu tools arm embedded/4.7 2013q1/bin/../lib/gcc/arm-none-eabi/4.7.3/../../../../arm-none-eabi/lib/armv7-m\libg.a(lib_a-atoi.o)
 .ARM.attributes
                0x0000035d       0x2d c:/program files/gnu tools arm embedded/4.7 2013q1/bin/../lib/gcc/arm-none-eabi/4.7.3/../../../../arm-none-eabi/lib/armv7-m\libg.a(lib_a-memcmp.o)
 .ARM.attributes
                0x0000038a       0x2d c:/program files/gnu tools arm embedded/4.7 2013q1/bin/../lib/gcc/arm-none-eabi/4.7.3/../../../../arm-none-eabi/lib/armv7-m\libg.a(lib_a-memcpy.o)
 .ARM.attributes
                0x000003b7       0x2d c:/program files/gnu tools arm embedded/4.7 2013q1/bin/../lib/gcc/arm-none-eabi/4.7.3/../../../../arm-none-eabi/lib/armv7-m\libg.a(lib_a-memset.o)
 .ARM.attributes
                0x000003e4       0x2d c:/program files/gnu tools arm embedded/4.7 2013q1/bin/../lib/gcc/arm-none-eabi/4.7.3/../../../../arm-none-eabi/lib/armv7-m\libg.a(lib_a-strchr.o)
 .ARM.attributes
                0x00000411       0x2d c:/program files/gnu tools arm embedded/4.7 2013q1/bin/../lib/gcc/arm-none-eabi/4.7.3/../../../../arm-none-eabi/lib/armv7-m\libg.a(lib_a-strcmp.o)
 .ARM.attributes
                0x0000043e       0x2d c:/program files/gnu tools arm embedded/4.7 2013q1/bin/../lib/gcc/arm-none-eabi/4.7.3/../../../../arm-none-eabi/lib/armv7-m\libg.a(lib_a-strtol.o)
 .ARM.attributes
                0x0000046b       0x2d c:/program files/gnu tools arm embedded/4.7 2013q1/bin/../lib/gcc/arm-none-eabi/4.7.3/../../../../arm-none-eabi/lib/armv7-m\libg.a(lib_a-ctype_.o)

.debug_frame    0x00000000     0x203c
 .debug_frame   0x00000000      0x24c ..\obj\enc28j60.o
 .debug_frame   0x0000024c       0x4c ..\obj\delay.o
 .debug_frame   0x00000298      0xa20 ..\obj\stm32f10x_tim.o
 .debug_frame   0x00000cb8       0x48 ..\obj\startup_stm32f10x_md_vl.o
 .debug_frame   0x00000d00       0x80 ..\obj\system_stm32f10x.o
 .debug_frame   0x00000d80       0x4c ..\obj\counter.o
 .debug_frame   0x00000dcc      0x210 ..\obj\stm32f10x_gpio.o
 .debug_frame   0x00000fdc       0xc8 ..\obj\main.o
 .debug_frame   0x000010a4      0x244 ..\obj\printf.o
 .debug_frame   0x000012e8      0x3a4 ..\obj\stm32f10x_rcc.o
 .debug_frame   0x0000168c       0x50 ..\obj\LedsAndButtons.o
 .debug_frame   0x000016dc       0x64 ..\obj\web_if.o
 .debug_frame   0x00001740      0x318 ..\obj\lan.o
 .debug_frame   0x00001a58       0x9c ..\obj\misc.o
 .debug_frame   0x00001af4      0x29c ..\obj\stm32f10x_spi.o
 .debug_frame   0x00001d90      0x144 ..\obj\LCD_Driver.o
 .debug_frame   0x00001ed4       0x30 c:/program files/gnu tools arm embedded/4.7 2013q1/bin/../lib/gcc/arm-none-eabi/4.7.3/../../../../arm-none-eabi/lib/armv7-m\libg.a(lib_a-atoi.o)
 .debug_frame   0x00001f04       0x2c c:/program files/gnu tools arm embedded/4.7 2013q1/bin/../lib/gcc/arm-none-eabi/4.7.3/../../../../arm-none-eabi/lib/armv7-m\libg.a(lib_a-memcmp.o)
 .debug_frame   0x00001f30       0x30 c:/program files/gnu tools arm embedded/4.7 2013q1/bin/../lib/gcc/arm-none-eabi/4.7.3/../../../../arm-none-eabi/lib/armv7-m\libg.a(lib_a-memcpy.o)
 .debug_frame   0x00001f60       0x2c c:/program files/gnu tools arm embedded/4.7 2013q1/bin/../lib/gcc/arm-none-eabi/4.7.3/../../../../arm-none-eabi/lib/armv7-m\libg.a(lib_a-memset.o)
 .debug_frame   0x00001f8c       0x2c c:/program files/gnu tools arm embedded/4.7 2013q1/bin/../lib/gcc/arm-none-eabi/4.7.3/../../../../arm-none-eabi/lib/armv7-m\libg.a(lib_a-strchr.o)
 .debug_frame   0x00001fb8       0x30 c:/program files/gnu tools arm embedded/4.7 2013q1/bin/../lib/gcc/arm-none-eabi/4.7.3/../../../../arm-none-eabi/lib/armv7-m\libg.a(lib_a-strcmp.o)
 .debug_frame   0x00001fe8       0x54 c:/program files/gnu tools arm embedded/4.7 2013q1/bin/../lib/gcc/arm-none-eabi/4.7.3/../../../../arm-none-eabi/lib/armv7-m\libg.a(lib_a-strtol.o)
